2025-11-14 18:59:02,142 INFO o.a.j.u.JMeterUtils: Setting Locale to en_EN
2025-11-14 18:59:02,159 INFO o.a.j.JMeter: Loading user properties from: C:\Tools\apache-jmeter-5.6.3\bin\user.properties
2025-11-14 18:59:02,159 INFO o.a.j.JMeter: Loading system properties from: C:\Tools\apache-jmeter-5.6.3\bin\system.properties
2025-11-14 18:59:02,159 INFO o.a.j.JMeter: Loading additional properties from: backend/tests/jmeter/props/local.properties
2025-11-14 18:59:02,167 INFO o.a.j.JMeter: Copyright (c) 1998-2024 The Apache Software Foundation
2025-11-14 18:59:02,167 INFO o.a.j.JMeter: Version 5.6.3
2025-11-14 18:59:02,167 INFO o.a.j.JMeter: java.version=24.0.2
2025-11-14 18:59:02,167 INFO o.a.j.JMeter: java.vm.name=Java HotSpot(TM) 64-Bit Server VM
2025-11-14 18:59:02,167 INFO o.a.j.JMeter: os.name=Windows 11
2025-11-14 18:59:02,168 INFO o.a.j.JMeter: os.arch=amd64
2025-11-14 18:59:02,168 INFO o.a.j.JMeter: os.version=10.0
2025-11-14 18:59:02,168 INFO o.a.j.JMeter: file.encoding=UTF-8
2025-11-14 18:59:02,168 INFO o.a.j.JMeter: java.awt.headless=true
2025-11-14 18:59:02,168 INFO o.a.j.JMeter: Max memory     =1073741824
2025-11-14 18:59:02,168 INFO o.a.j.JMeter: Available Processors =12
2025-11-14 18:59:02,181 INFO o.a.j.JMeter: Default Locale=English (EN)
2025-11-14 18:59:02,181 INFO o.a.j.JMeter: JMeter  Locale=English (EN)
2025-11-14 18:59:02,182 INFO o.a.j.JMeter: JMeterHome=C:\Tools\apache-jmeter-5.6.3
2025-11-14 18:59:02,182 INFO o.a.j.JMeter: user.dir  =C:\Users\Administrador\Documents\teste-software-univas
2025-11-14 18:59:02,182 INFO o.a.j.JMeter: PWD       =C:\Users\Administrador\Documents\teste-software-univas
2025-11-14 18:59:02,184 INFO o.a.j.JMeter: IP: 192.168.190.132 Name: UNI-LABF-7357 FullName: UNI-LABF-7357.fuvs.br
2025-11-14 18:59:02,195 INFO o.a.j.JMeter: Setting property 'jmeter.reportgenerator.outputdir' to:'C:\Users\Administrador\Documents\teste-software-univas\backend\tests\jmeter\reports\tasks'
2025-11-14 18:59:02,198 INFO o.a.j.s.FileServer: Default base='C:\Users\Administrador\Documents\teste-software-univas'
2025-11-14 18:59:02,199 INFO o.a.j.s.FileServer: Set new base='C:\Users\Administrador\Documents\teste-software-univas\backend\tests\jmeter\plans'
2025-11-14 18:59:02,559 INFO o.a.j.s.SaveService: Testplan (JMX) version: 2.2. Testlog (JTL) version: 2.2
2025-11-14 18:59:02,595 INFO o.a.j.s.SaveService: Using SaveService properties version 5.0
2025-11-14 18:59:02,600 INFO o.a.j.s.SaveService: Using SaveService properties file encoding UTF-8
2025-11-14 18:59:02,604 INFO o.a.j.s.SaveService: Loading file: backend\tests\jmeter\plans\tasks.jmx
2025-11-14 18:59:02,666 INFO o.a.j.p.h.s.HTTPSamplerBase: Parser for text/html is org.apache.jmeter.protocol.http.parser.LagartoBasedHtmlParser
2025-11-14 18:59:02,666 INFO o.a.j.p.h.s.HTTPSamplerBase: Parser for application/xhtml+xml is org.apache.jmeter.protocol.http.parser.LagartoBasedHtmlParser
2025-11-14 18:59:02,666 INFO o.a.j.p.h.s.HTTPSamplerBase: Parser for application/xml is org.apache.jmeter.protocol.http.parser.LagartoBasedHtmlParser
2025-11-14 18:59:02,666 INFO o.a.j.p.h.s.HTTPSamplerBase: Parser for text/xml is org.apache.jmeter.protocol.http.parser.LagartoBasedHtmlParser
2025-11-14 18:59:02,667 INFO o.a.j.p.h.s.HTTPSamplerBase: Parser for text/vnd.wap.wml is org.apache.jmeter.protocol.http.parser.RegexpHTMLParser
2025-11-14 18:59:02,667 INFO o.a.j.p.h.s.HTTPSamplerBase: Parser for text/css is org.apache.jmeter.protocol.http.parser.CssParser
2025-11-14 18:59:02,702 INFO o.a.j.JMeter: Creating summariser <summary>
2025-11-14 18:59:02,705 INFO o.a.j.r.d.ReportGenerator: ReportGenerator will use for Parsing the separator: ','
2025-11-14 18:59:02,705 INFO o.a.j.r.d.ReportGenerator: Will generate report at end of test from  results file: backend/tests/jmeter/results/tasks.jtl
2025-11-14 18:59:02,705 INFO o.a.j.r.d.ReportGenerator: Reading report generator properties from: C:\Tools\apache-jmeter-5.6.3\bin\reportgenerator.properties
2025-11-14 18:59:02,705 INFO o.a.j.r.d.ReportGenerator: Merging with JMeter properties
2025-11-14 18:59:02,709 INFO o.a.j.r.c.ReportGeneratorConfiguration: Property 'jmeter.reportgenerator.temp_dir' not found, using default value 'temp' instead.
2025-11-14 18:59:02,713 INFO o.a.j.r.c.ReportGeneratorConfiguration: Property 'jmeter.reportgenerator.apdex_per_transaction' not found, using default value 'null' instead.
2025-11-14 18:59:02,713 INFO o.a.j.r.c.ReportGeneratorConfiguration: apdex_per_transaction is empty, not APDEX per transaction customization
2025-11-14 18:59:02,713 INFO o.a.j.r.c.ReportGeneratorConfiguration: Property 'jmeter.reportgenerator.sample_filter' not found, using default value 'null' instead.
2025-11-14 18:59:02,714 INFO o.a.j.r.c.ReportGeneratorConfiguration: Property 'jmeter.reportgenerator.report_title' not found, using default value 'null' instead.
2025-11-14 18:59:02,714 INFO o.a.j.r.c.ReportGeneratorConfiguration: Property 'jmeter.reportgenerator.start_date' not found, using default value 'null' instead.
2025-11-14 18:59:02,714 INFO o.a.j.r.c.ReportGeneratorConfiguration: Property 'jmeter.reportgenerator.end_date' not found, using default value 'null' instead.
2025-11-14 18:59:02,714 INFO o.a.j.r.c.ReportGeneratorConfiguration: Property 'jmeter.reportgenerator.date_format' not found, using default value 'null' instead.
2025-11-14 18:59:02,714 INFO o.a.j.r.c.ReportGeneratorConfiguration: Will use date range start date: null, end date: null
2025-11-14 18:59:02,717 INFO o.a.j.r.c.ReportGeneratorConfiguration: Property 'jmeter.reportgenerator.graph.totalTPS.exclude_controllers' not found, using default value 'false' instead.
2025-11-14 18:59:02,717 INFO o.a.j.r.c.ReportGeneratorConfiguration: Property 'jmeter.reportgenerator.graph.activeThreadsOverTime.exclude_controllers' not found, using default value 'false' instead.
2025-11-14 18:59:02,717 INFO o.a.j.r.c.ReportGeneratorConfiguration: Property 'jmeter.reportgenerator.graph.timeVsThreads.exclude_controllers' not found, using default value 'false' instead.
2025-11-14 18:59:02,718 INFO o.a.j.r.c.ReportGeneratorConfiguration: Property 'jmeter.reportgenerator.graph.responseTimeDistribution.exclude_controllers' not found, using default value 'false' instead.
2025-11-14 18:59:02,718 INFO o.a.j.r.c.ReportGeneratorConfiguration: Property 'jmeter.reportgenerator.graph.transactionsPerSecond.exclude_controllers' not found, using default value 'false' instead.
2025-11-14 18:59:02,718 INFO o.a.j.r.c.ReportGeneratorConfiguration: Property 'jmeter.reportgenerator.graph.responseTimePercentiles.exclude_controllers' not found, using default value 'false' instead.
2025-11-14 18:59:02,718 INFO o.a.j.r.c.ReportGeneratorConfiguration: Property 'jmeter.reportgenerator.graph.responseTimePercentilesOverTime.exclude_controllers' not found, using default value 'false' instead.
2025-11-14 18:59:02,718 INFO o.a.j.r.c.ReportGeneratorConfiguration: Property 'jmeter.reportgenerator.graph.responseTimesOverTime.exclude_controllers' not found, using default value 'false' instead.
2025-11-14 18:59:02,718 INFO o.a.j.r.c.ReportGeneratorConfiguration: Property 'jmeter.reportgenerator.graph.connectTimeOverTime.exclude_controllers' not found, using default value 'false' instead.
2025-11-14 18:59:02,718 INFO o.a.j.r.c.ReportGeneratorConfiguration: Property 'jmeter.reportgenerator.graph.latenciesOverTime.exclude_controllers' not found, using default value 'false' instead.
2025-11-14 18:59:02,719 INFO o.a.j.r.c.ReportGeneratorConfiguration: Property 'jmeter.reportgenerator.exporter.json.filters_only_sample_series' not found, using default value 'true' instead.
2025-11-14 18:59:02,719 INFO o.a.j.r.c.ReportGeneratorConfiguration: Property 'jmeter.reportgenerator.exporter.json.series_filter' not found, using default value '' instead.
2025-11-14 18:59:02,719 INFO o.a.j.r.c.ReportGeneratorConfiguration: Property 'jmeter.reportgenerator.exporter.json.show_controllers_only' not found, using default value 'false' instead.
2025-11-14 18:59:02,720 INFO o.a.j.r.c.ReportGeneratorConfiguration: Property 'jmeter.reportgenerator.exporter.html.filters_only_sample_series' not found, using default value 'true' instead.
2025-11-14 18:59:02,720 INFO o.a.j.r.c.ReportGeneratorConfiguration: Property 'jmeter.reportgenerator.exporter.html.series_filter' not found, using default value '' instead.
2025-11-14 18:59:02,720 INFO o.a.j.r.c.ReportGeneratorConfiguration: Property 'jmeter.reportgenerator.exporter.html.show_controllers_only' not found, using default value 'false' instead.
2025-11-14 18:59:02,741 INFO o.a.j.e.StandardJMeterEngine: Running the test!
2025-11-14 18:59:02,741 INFO o.a.j.s.SampleEvent: List of sample_variables: []
2025-11-14 18:59:02,741 INFO o.a.j.s.SampleEvent: List of sample_variables: []
2025-11-14 18:59:02,758 INFO o.a.j.e.u.CompoundVariable: Note: Function class names must contain the string: '.functions.'
2025-11-14 18:59:02,758 INFO o.a.j.e.u.CompoundVariable: Note: Function class names must not contain the string: '.gui.'
2025-11-14 18:59:02,843 INFO o.a.j.JMeter: Running test (1763157542843)
2025-11-14 18:59:02,865 INFO o.a.j.e.StandardJMeterEngine: Starting ThreadGroup: 1 : API
2025-11-14 18:59:02,878 INFO o.a.j.e.StandardJMeterEngine: Starting 200 threads for group API.
2025-11-14 18:59:02,878 INFO o.a.j.e.StandardJMeterEngine: Thread will continue on error
2025-11-14 18:59:02,878 INFO o.a.j.t.ThreadGroup: Starting thread group... number=1 threads=200 ramp-up=1 delayedStart=false
2025-11-14 18:59:02,892 INFO o.a.j.t.JMeterThread: Thread started: API 1-2
2025-11-14 18:59:02,893 INFO o.a.j.t.JMeterThread: Thread started: API 1-1
2025-11-14 18:59:02,896 INFO o.a.j.t.JMeterThread: Thread started: API 1-3
2025-11-14 18:59:02,902 INFO o.a.j.t.JMeterThread: Thread started: API 1-4
2025-11-14 18:59:02,905 INFO o.a.j.t.JMeterThread: Thread started: API 1-5
2025-11-14 18:59:02,910 INFO o.a.j.t.JMeterThread: Thread started: API 1-6
2025-11-14 18:59:02,914 INFO o.a.j.t.JMeterThread: Thread started: API 1-7
2025-11-14 18:59:02,919 INFO o.a.j.t.JMeterThread: Thread started: API 1-8
2025-11-14 18:59:02,923 INFO o.a.j.t.JMeterThread: Thread started: API 1-9
2025-11-14 18:59:02,927 INFO o.a.j.t.JMeterThread: Thread started: API 1-10
2025-11-14 18:59:02,931 INFO o.a.j.t.JMeterThread: Thread started: API 1-11
2025-11-14 18:59:02,936 INFO o.a.j.t.JMeterThread: Thread started: API 1-12
2025-11-14 18:59:02,941 INFO o.a.j.t.JMeterThread: Thread started: API 1-13
2025-11-14 18:59:02,946 INFO o.a.j.t.JMeterThread: Thread started: API 1-14
2025-11-14 18:59:02,951 INFO o.a.j.t.JMeterThread: Thread started: API 1-15
2025-11-14 18:59:02,956 INFO o.a.j.t.JMeterThread: Thread started: API 1-16
2025-11-14 18:59:02,962 INFO o.a.j.t.JMeterThread: Thread started: API 1-17
2025-11-14 18:59:02,966 INFO o.a.j.t.JMeterThread: Thread started: API 1-18
2025-11-14 18:59:02,970 INFO o.a.j.t.JMeterThread: Thread started: API 1-19
2025-11-14 18:59:02,973 INFO o.a.j.p.h.s.HTTPHCAbstractImpl: Local host = UNI-LABF-7357
2025-11-14 18:59:02,975 INFO o.a.j.t.JMeterThread: Thread started: API 1-20
2025-11-14 18:59:02,981 INFO o.a.j.t.JMeterThread: Thread started: API 1-21
2025-11-14 18:59:02,986 INFO o.a.j.t.JMeterThread: Thread started: API 1-22
2025-11-14 18:59:02,994 INFO o.a.j.t.JMeterThread: Thread started: API 1-23
2025-11-14 18:59:02,996 INFO o.a.j.t.JMeterThread: Thread started: API 1-24
2025-11-14 18:59:02,998 INFO o.a.j.p.h.s.HTTPHC4Impl: HTTP request retry count = 0
2025-11-14 18:59:03,000 INFO o.a.j.t.JMeterThread: Thread started: API 1-25
2025-11-14 18:59:03,002 INFO o.a.j.s.SampleResult: Note: Sample TimeStamps are START times
2025-11-14 18:59:03,002 INFO o.a.j.s.SampleResult: sampleresult.default.encoding is set to UTF-8
2025-11-14 18:59:03,002 INFO o.a.j.s.SampleResult: sampleresult.useNanoTime=true
2025-11-14 18:59:03,002 INFO o.a.j.s.SampleResult: sampleresult.nanoThreadSleep=5000
2025-11-14 18:59:03,005 INFO o.a.j.t.JMeterThread: Thread started: API 1-26
2025-11-14 18:59:03,010 INFO o.a.j.t.JMeterThread: Thread started: API 1-27
2025-11-14 18:59:03,012 INFO o.a.j.t.ThreadGroup: Started thread group number 1
2025-11-14 18:59:03,012 INFO o.a.j.e.StandardJMeterEngine: All thread groups have been started
2025-11-14 18:59:03,015 INFO o.a.j.t.JMeterThread: Thread started: API 1-28
2025-11-14 18:59:03,021 INFO o.a.j.t.JMeterThread: Thread started: API 1-29
2025-11-14 18:59:03,025 INFO o.a.j.t.JMeterThread: Thread started: API 1-30
2025-11-14 18:59:03,030 INFO o.a.j.t.JMeterThread: Thread started: API 1-31
2025-11-14 18:59:03,035 INFO o.a.j.t.JMeterThread: Thread started: API 1-32
2025-11-14 18:59:03,040 INFO o.a.j.t.JMeterThread: Thread started: API 1-33
2025-11-14 18:59:03,045 INFO o.a.j.t.JMeterThread: Thread started: API 1-34
2025-11-14 18:59:03,050 INFO o.a.j.t.JMeterThread: Thread started: API 1-35
2025-11-14 18:59:03,055 INFO o.a.j.t.JMeterThread: Thread started: API 1-36
2025-11-14 18:59:03,060 INFO o.a.j.t.JMeterThread: Thread started: API 1-37
2025-11-14 18:59:03,066 INFO o.a.j.t.JMeterThread: Thread started: API 1-38
2025-11-14 18:59:03,071 INFO o.a.j.t.JMeterThread: Thread started: API 1-39
2025-11-14 18:59:03,075 INFO o.a.j.t.JMeterThread: Thread started: API 1-40
2025-11-14 18:59:03,080 INFO o.a.j.t.JMeterThread: Thread started: API 1-41
2025-11-14 18:59:03,087 INFO o.a.j.t.JMeterThread: Thread started: API 1-42
2025-11-14 18:59:03,092 INFO o.a.j.t.JMeterThread: Thread started: API 1-43
2025-11-14 18:59:03,094 INFO o.a.j.t.JMeterThread: Thread started: API 1-44
2025-11-14 18:59:03,102 INFO o.a.j.t.JMeterThread: Thread started: API 1-45
2025-11-14 18:59:03,105 INFO o.a.j.t.JMeterThread: Thread started: API 1-46
2025-11-14 18:59:03,111 INFO o.a.j.t.JMeterThread: Thread started: API 1-47
2025-11-14 18:59:03,117 INFO o.a.j.t.JMeterThread: Thread started: API 1-48
2025-11-14 18:59:03,121 INFO o.a.j.t.JMeterThread: Thread started: API 1-49
2025-11-14 18:59:03,129 INFO o.a.j.t.JMeterThread: Thread started: API 1-50
2025-11-14 18:59:03,132 INFO o.a.j.t.JMeterThread: Thread started: API 1-51
2025-11-14 18:59:03,136 INFO o.a.j.t.JMeterThread: Thread started: API 1-52
2025-11-14 18:59:03,140 INFO o.a.j.t.JMeterThread: Thread started: API 1-53
2025-11-14 18:59:03,145 INFO o.a.j.t.JMeterThread: Thread started: API 1-54
2025-11-14 18:59:03,151 INFO o.a.j.t.JMeterThread: Thread started: API 1-55
2025-11-14 18:59:03,156 INFO o.a.j.t.JMeterThread: Thread started: API 1-56
2025-11-14 18:59:03,161 INFO o.a.j.t.JMeterThread: Thread started: API 1-57
2025-11-14 18:59:03,166 INFO o.a.j.t.JMeterThread: Thread started: API 1-58
2025-11-14 18:59:03,170 INFO o.a.j.t.JMeterThread: Thread started: API 1-59
2025-11-14 18:59:03,175 INFO o.a.j.t.JMeterThread: Thread started: API 1-60
2025-11-14 18:59:03,181 INFO o.a.j.t.JMeterThread: Thread started: API 1-61
2025-11-14 18:59:03,185 INFO o.a.j.t.JMeterThread: Thread started: API 1-62
2025-11-14 18:59:03,190 INFO o.a.j.t.JMeterThread: Thread started: API 1-63
2025-11-14 18:59:03,195 INFO o.a.j.t.JMeterThread: Thread started: API 1-64
2025-11-14 18:59:03,200 INFO o.a.j.t.JMeterThread: Thread started: API 1-65
2025-11-14 18:59:03,205 INFO o.a.j.t.JMeterThread: Thread started: API 1-66
2025-11-14 18:59:03,209 INFO o.a.j.t.JMeterThread: Thread started: API 1-67
2025-11-14 18:59:03,215 INFO o.a.j.t.JMeterThread: Thread started: API 1-68
2025-11-14 18:59:03,220 INFO o.a.j.t.JMeterThread: Thread started: API 1-69
2025-11-14 18:59:03,225 INFO o.a.j.t.JMeterThread: Thread started: API 1-70
2025-11-14 18:59:03,231 INFO o.a.j.t.JMeterThread: Thread started: API 1-71
2025-11-14 18:59:03,238 INFO o.a.j.t.JMeterThread: Thread started: API 1-72
2025-11-14 18:59:03,242 INFO o.a.j.t.JMeterThread: Thread started: API 1-73
2025-11-14 18:59:03,248 INFO o.a.j.t.JMeterThread: Thread started: API 1-74
2025-11-14 18:59:03,251 INFO o.a.j.t.JMeterThread: Thread started: API 1-75
2025-11-14 18:59:03,255 INFO o.a.j.t.JMeterThread: Thread started: API 1-76
2025-11-14 18:59:03,260 INFO o.a.j.t.JMeterThread: Thread started: API 1-77
2025-11-14 18:59:03,266 INFO o.a.j.t.JMeterThread: Thread started: API 1-78
2025-11-14 18:59:03,279 INFO o.a.j.t.JMeterThread: Thread started: API 1-80
2025-11-14 18:59:03,283 INFO o.a.j.t.JMeterThread: Thread started: API 1-81
2025-11-14 18:59:03,279 INFO o.a.j.t.JMeterThread: Thread started: API 1-79
2025-11-14 18:59:03,286 INFO o.a.j.t.JMeterThread: Thread started: API 1-82
2025-11-14 18:59:03,291 INFO o.a.j.t.JMeterThread: Thread started: API 1-83
2025-11-14 18:59:03,295 INFO o.a.j.t.JMeterThread: Thread started: API 1-84
2025-11-14 18:59:03,299 INFO o.a.j.t.JMeterThread: Thread started: API 1-85
2025-11-14 18:59:03,305 INFO o.a.j.t.JMeterThread: Thread started: API 1-86
2025-11-14 18:59:03,309 INFO o.a.j.t.JMeterThread: Thread started: API 1-87
2025-11-14 18:59:03,316 INFO o.a.j.t.JMeterThread: Thread started: API 1-88
2025-11-14 18:59:03,320 INFO o.a.j.t.JMeterThread: Thread started: API 1-89
2025-11-14 18:59:03,326 INFO o.a.j.t.JMeterThread: Thread started: API 1-90
2025-11-14 18:59:03,329 INFO o.a.j.t.JMeterThread: Thread started: API 1-91
2025-11-14 18:59:03,335 INFO o.a.j.t.JMeterThread: Thread started: API 1-92
2025-11-14 18:59:03,339 INFO o.a.j.t.JMeterThread: Thread started: API 1-93
2025-11-14 18:59:03,345 INFO o.a.j.t.JMeterThread: Thread started: API 1-94
2025-11-14 18:59:03,349 INFO o.a.j.t.JMeterThread: Thread started: API 1-95
2025-11-14 18:59:03,355 INFO o.a.j.t.JMeterThread: Thread started: API 1-96
2025-11-14 18:59:03,360 INFO o.a.j.t.JMeterThread: Thread started: API 1-97
2025-11-14 18:59:03,365 INFO o.a.j.t.JMeterThread: Thread started: API 1-98
2025-11-14 18:59:03,370 INFO o.a.j.t.JMeterThread: Thread started: API 1-99
2025-11-14 18:59:03,375 INFO o.a.j.t.JMeterThread: Thread started: API 1-100
2025-11-14 18:59:03,381 INFO o.a.j.t.JMeterThread: Thread started: API 1-101
2025-11-14 18:59:03,384 INFO o.a.j.t.JMeterThread: Thread started: API 1-102
2025-11-14 18:59:03,390 INFO o.a.j.t.JMeterThread: Thread started: API 1-103
2025-11-14 18:59:03,394 INFO o.a.j.t.JMeterThread: Thread started: API 1-104
2025-11-14 18:59:03,405 INFO o.a.j.t.JMeterThread: Thread started: API 1-106
2025-11-14 18:59:03,400 INFO o.a.j.t.JMeterThread: Thread started: API 1-105
2025-11-14 18:59:03,410 INFO o.a.j.t.JMeterThread: Thread started: API 1-107
2025-11-14 18:59:03,415 INFO o.a.j.t.JMeterThread: Thread started: API 1-108
2025-11-14 18:59:03,420 INFO o.a.j.t.JMeterThread: Thread started: API 1-109
2025-11-14 18:59:03,425 INFO o.a.j.t.JMeterThread: Thread started: API 1-110
2025-11-14 18:59:03,430 INFO o.a.j.t.JMeterThread: Thread started: API 1-111
2025-11-14 18:59:03,435 INFO o.a.j.t.JMeterThread: Thread started: API 1-112
2025-11-14 18:59:03,440 INFO o.a.j.t.JMeterThread: Thread started: API 1-113
2025-11-14 18:59:03,446 INFO o.a.j.t.JMeterThread: Thread started: API 1-114
2025-11-14 18:59:03,450 INFO o.a.j.t.JMeterThread: Thread started: API 1-115
2025-11-14 18:59:03,454 INFO o.a.j.t.JMeterThread: Thread started: API 1-116
2025-11-14 18:59:03,458 INFO o.a.j.t.JMeterThread: Thread is done: API 1-68
2025-11-14 18:59:03,458 INFO o.a.j.t.JMeterThread: Thread is done: API 1-46
2025-11-14 18:59:03,458 INFO o.a.j.t.JMeterThread: Thread is done: API 1-76
2025-11-14 18:59:03,458 INFO o.a.j.t.JMeterThread: Thread is done: API 1-61
2025-11-14 18:59:03,459 INFO o.a.j.t.JMeterThread: Thread finished: API 1-76
2025-11-14 18:59:03,459 INFO o.a.j.t.JMeterThread: Thread finished: API 1-61
2025-11-14 18:59:03,458 INFO o.a.j.t.JMeterThread: Thread finished: API 1-46
2025-11-14 18:59:03,459 INFO o.a.j.t.JMeterThread: Thread is done: API 1-21
2025-11-14 18:59:03,459 INFO o.a.j.t.JMeterThread: Thread finished: API 1-21
2025-11-14 18:59:03,459 INFO o.a.j.t.JMeterThread: Thread is done: API 1-78
2025-11-14 18:59:03,459 INFO o.a.j.t.JMeterThread: Thread finished: API 1-78
2025-11-14 18:59:03,459 INFO o.a.j.t.JMeterThread: Thread is done: API 1-37
2025-11-14 18:59:03,460 INFO o.a.j.t.JMeterThread: Thread finished: API 1-37
2025-11-14 18:59:03,460 INFO o.a.j.t.JMeterThread: Thread is done: API 1-60
2025-11-14 18:59:03,460 INFO o.a.j.t.JMeterThread: Thread is done: API 1-55
2025-11-14 18:59:03,460 INFO o.a.j.t.JMeterThread: Thread is done: API 1-8
2025-11-14 18:59:03,460 INFO o.a.j.t.JMeterThread: Thread finished: API 1-8
2025-11-14 18:59:03,458 INFO o.a.j.t.JMeterThread: Thread finished: API 1-68
2025-11-14 18:59:03,460 INFO o.a.j.t.JMeterThread: Thread finished: API 1-55
2025-11-14 18:59:03,460 INFO o.a.j.t.JMeterThread: Thread finished: API 1-60
2025-11-14 18:59:03,460 INFO o.a.j.t.JMeterThread: Thread is done: API 1-54
2025-11-14 18:59:03,462 INFO o.a.j.t.JMeterThread: Thread finished: API 1-54
2025-11-14 18:59:03,459 INFO o.a.j.t.JMeterThread: Thread is done: API 1-67
2025-11-14 18:59:03,459 INFO o.a.j.t.JMeterThread: Thread is done: API 1-42
2025-11-14 18:59:03,459 INFO o.a.j.t.JMeterThread: Thread is done: API 1-40
2025-11-14 18:59:03,459 INFO o.a.j.t.JMeterThread: Thread is done: API 1-62
2025-11-14 18:59:03,463 INFO o.a.j.t.JMeterThread: Thread finished: API 1-42
2025-11-14 18:59:03,463 INFO o.a.j.t.JMeterThread: Thread finished: API 1-40
2025-11-14 18:59:03,459 INFO o.a.j.t.JMeterThread: Thread is done: API 1-47
2025-11-14 18:59:03,459 INFO o.a.j.t.JMeterThread: Thread is done: API 1-28
2025-11-14 18:59:03,463 INFO o.a.j.t.JMeterThread: Thread finished: API 1-47
2025-11-14 18:59:03,463 INFO o.a.j.t.JMeterThread: Thread finished: API 1-28
2025-11-14 18:59:03,463 INFO o.a.j.t.JMeterThread: Thread finished: API 1-62
2025-11-14 18:59:03,463 INFO o.a.j.t.JMeterThread: Thread finished: API 1-67
2025-11-14 18:59:03,464 INFO o.a.j.t.JMeterThread: Thread is done: API 1-34
2025-11-14 18:59:03,461 INFO o.a.j.t.JMeterThread: Thread is done: API 1-22
2025-11-14 18:59:03,465 INFO o.a.j.t.JMeterThread: Thread is done: API 1-32
2025-11-14 18:59:03,465 INFO o.a.j.t.JMeterThread: Thread is done: API 1-75
2025-11-14 18:59:03,465 INFO o.a.j.t.JMeterThread: Thread finished: API 1-32
2025-11-14 18:59:03,465 INFO o.a.j.t.JMeterThread: Thread finished: API 1-34
2025-11-14 18:59:03,465 INFO o.a.j.t.JMeterThread: Thread finished: API 1-75
2025-11-14 18:59:03,466 INFO o.a.j.t.JMeterThread: Thread is done: API 1-19
2025-11-14 18:59:03,466 INFO o.a.j.t.JMeterThread: Thread finished: API 1-19
2025-11-14 18:59:03,466 INFO o.a.j.t.JMeterThread: Thread is done: API 1-31
2025-11-14 18:59:03,466 INFO o.a.j.t.JMeterThread: Thread is done: API 1-77
2025-11-14 18:59:03,466 INFO o.a.j.t.JMeterThread: Thread is done: API 1-2
2025-11-14 18:59:03,465 INFO o.a.j.t.JMeterThread: Thread is done: API 1-57
2025-11-14 18:59:03,466 INFO o.a.j.t.JMeterThread: Thread finished: API 1-77
2025-11-14 18:59:03,466 INFO o.a.j.t.JMeterThread: Thread is done: API 1-10
2025-11-14 18:59:03,466 INFO o.a.j.t.JMeterThread: Thread is done: API 1-7
2025-11-14 18:59:03,467 INFO o.a.j.t.JMeterThread: Thread finished: API 1-7
2025-11-14 18:59:03,467 INFO o.a.j.t.JMeterThread: Thread is done: API 1-56
2025-11-14 18:59:03,466 INFO o.a.j.t.JMeterThread: Thread is done: API 1-58
2025-11-14 18:59:03,467 INFO o.a.j.t.JMeterThread: Thread is done: API 1-69
2025-11-14 18:59:03,467 INFO o.a.j.t.JMeterThread: Thread finished: API 1-69
2025-11-14 18:59:03,466 INFO o.a.j.t.JMeterThread: Thread finished: API 1-31
2025-11-14 18:59:03,467 INFO o.a.j.t.JMeterThread: Thread is done: API 1-20
2025-11-14 18:59:03,467 INFO o.a.j.t.JMeterThread: Thread is done: API 1-51
2025-11-14 18:59:03,467 INFO o.a.j.t.JMeterThread: Thread is done: API 1-27
2025-11-14 18:59:03,466 INFO o.a.j.t.JMeterThread: Thread finished: API 1-22
2025-11-14 18:59:03,468 INFO o.a.j.t.JMeterThread: Thread finished: API 1-27
2025-11-14 18:59:03,468 INFO o.a.j.t.JMeterThread: Thread finished: API 1-20
2025-11-14 18:59:03,467 INFO o.a.j.t.JMeterThread: Thread is done: API 1-73
2025-11-14 18:59:03,467 INFO o.a.j.t.JMeterThread: Thread finished: API 1-58
2025-11-14 18:59:03,467 INFO o.a.j.t.JMeterThread: Thread finished: API 1-56
2025-11-14 18:59:03,466 INFO o.a.j.t.JMeterThread: Thread finished: API 1-2
2025-11-14 18:59:03,468 INFO o.a.j.t.JMeterThread: Thread is done: API 1-48
2025-11-14 18:59:03,468 INFO o.a.j.t.JMeterThread: Thread finished: API 1-10
2025-11-14 18:59:03,468 INFO o.a.j.t.JMeterThread: Thread finished: API 1-73
2025-11-14 18:59:03,468 INFO o.a.j.t.JMeterThread: Thread finished: API 1-51
2025-11-14 18:59:03,468 INFO o.a.j.t.JMeterThread: Thread is done: API 1-65
2025-11-14 18:59:03,468 INFO o.a.j.t.JMeterThread: Thread finished: API 1-48
2025-11-14 18:59:03,468 INFO o.a.j.t.JMeterThread: Thread finished: API 1-57
2025-11-14 18:59:03,469 INFO o.a.j.t.JMeterThread: Thread finished: API 1-65
2025-11-14 18:59:03,469 INFO o.a.j.r.Summariser: summary +      1 in 00:00:01 =    1.6/s Avg:   203 Min:   203 Max:   203 Err:     0 (0.00%) Active: 80 Started: 116 Finished: 36
2025-11-14 18:59:03,469 INFO o.a.j.t.JMeterThread: Thread started: API 1-119
2025-11-14 18:59:03,470 INFO o.a.j.t.JMeterThread: Thread is done: API 1-24
2025-11-14 18:59:03,470 INFO o.a.j.t.JMeterThread: Thread finished: API 1-24
2025-11-14 18:59:03,468 INFO o.a.j.t.JMeterThread: Thread started: API 1-117
2025-11-14 18:59:03,473 INFO o.a.j.t.JMeterThread: Thread is done: API 1-1
2025-11-14 18:59:03,473 INFO o.a.j.t.JMeterThread: Thread finished: API 1-1
2025-11-14 18:59:03,473 INFO o.a.j.t.JMeterThread: Thread is done: API 1-33
2025-11-14 18:59:03,474 INFO o.a.j.t.JMeterThread: Thread finished: API 1-33
2025-11-14 18:59:03,469 INFO o.a.j.t.JMeterThread: Thread started: API 1-118
2025-11-14 18:59:03,477 INFO o.a.j.t.JMeterThread: Thread is done: API 1-71
2025-11-14 18:59:03,477 INFO o.a.j.t.JMeterThread: Thread is done: API 1-9
2025-11-14 18:59:03,478 INFO o.a.j.t.JMeterThread: Thread finished: API 1-71
2025-11-14 18:59:03,478 INFO o.a.j.t.JMeterThread: Thread finished: API 1-9
2025-11-14 18:59:03,476 INFO o.a.j.t.JMeterThread: Thread started: API 1-120
2025-11-14 18:59:03,480 INFO o.a.j.t.JMeterThread: Thread started: API 1-121
2025-11-14 18:59:03,484 INFO o.a.j.t.JMeterThread: Thread started: API 1-122
2025-11-14 18:59:03,490 INFO o.a.j.t.JMeterThread: Thread started: API 1-123
2025-11-14 18:59:03,491 INFO o.a.j.t.JMeterThread: Thread is done: API 1-66
2025-11-14 18:59:03,492 INFO o.a.j.t.JMeterThread: Thread finished: API 1-66
2025-11-14 18:59:03,492 INFO o.a.j.t.JMeterThread: Thread is done: API 1-4
2025-11-14 18:59:03,492 INFO o.a.j.t.JMeterThread: Thread finished: API 1-4
2025-11-14 18:59:03,494 INFO o.a.j.t.JMeterThread: Thread started: API 1-124
2025-11-14 18:59:03,500 INFO o.a.j.t.JMeterThread: Thread is done: API 1-13
2025-11-14 18:59:03,500 INFO o.a.j.t.JMeterThread: Thread finished: API 1-13
2025-11-14 18:59:03,501 INFO o.a.j.t.JMeterThread: Thread started: API 1-125
2025-11-14 18:59:03,502 INFO o.a.j.t.JMeterThread: Thread is done: API 1-70
2025-11-14 18:59:03,502 INFO o.a.j.t.JMeterThread: Thread finished: API 1-70
2025-11-14 18:59:03,505 INFO o.a.j.t.JMeterThread: Thread is done: API 1-29
2025-11-14 18:59:03,505 INFO o.a.j.t.JMeterThread: Thread finished: API 1-29
2025-11-14 18:59:03,509 INFO o.a.j.t.JMeterThread: Thread is done: API 1-5
2025-11-14 18:59:03,509 INFO o.a.j.t.JMeterThread: Thread is done: API 1-59
2025-11-14 18:59:03,510 INFO o.a.j.t.JMeterThread: Thread finished: API 1-5
2025-11-14 18:59:03,510 INFO o.a.j.t.JMeterThread: Thread finished: API 1-59
2025-11-14 18:59:03,510 INFO o.a.j.t.JMeterThread: Thread started: API 1-126
2025-11-14 18:59:03,511 INFO o.a.j.t.JMeterThread: Thread started: API 1-127
2025-11-14 18:59:03,514 INFO o.a.j.t.JMeterThread: Thread started: API 1-128
2025-11-14 18:59:03,519 INFO o.a.j.t.JMeterThread: Thread is done: API 1-6
2025-11-14 18:59:03,519 INFO o.a.j.t.JMeterThread: Thread finished: API 1-6
2025-11-14 18:59:03,520 INFO o.a.j.t.JMeterThread: Thread is done: API 1-30
2025-11-14 18:59:03,520 INFO o.a.j.t.JMeterThread: Thread finished: API 1-30
2025-11-14 18:59:03,520 INFO o.a.j.t.JMeterThread: Thread started: API 1-129
2025-11-14 18:59:03,521 INFO o.a.j.t.JMeterThread: Thread is done: API 1-50
2025-11-14 18:59:03,521 INFO o.a.j.t.JMeterThread: Thread finished: API 1-50
2025-11-14 18:59:03,523 INFO o.a.j.t.JMeterThread: Thread is done: API 1-16
2025-11-14 18:59:03,524 INFO o.a.j.t.JMeterThread: Thread finished: API 1-16
2025-11-14 18:59:03,524 INFO o.a.j.t.JMeterThread: Thread started: API 1-130
2025-11-14 18:59:03,530 INFO o.a.j.t.JMeterThread: Thread started: API 1-131
2025-11-14 18:59:03,532 INFO o.a.j.t.JMeterThread: Thread is done: API 1-49
2025-11-14 18:59:03,532 INFO o.a.j.t.JMeterThread: Thread finished: API 1-49
2025-11-14 18:59:03,535 INFO o.a.j.t.JMeterThread: Thread started: API 1-132
2025-11-14 18:59:03,536 INFO o.a.j.t.JMeterThread: Thread is done: API 1-12
2025-11-14 18:59:03,536 INFO o.a.j.t.JMeterThread: Thread finished: API 1-12
2025-11-14 18:59:03,540 INFO o.a.j.t.JMeterThread: Thread is done: API 1-18
2025-11-14 18:59:03,540 INFO o.a.j.t.JMeterThread: Thread finished: API 1-18
2025-11-14 18:59:03,539 INFO o.a.j.t.JMeterThread: Thread started: API 1-133
2025-11-14 18:59:03,543 INFO o.a.j.t.JMeterThread: Thread is done: API 1-45
2025-11-14 18:59:03,543 INFO o.a.j.t.JMeterThread: Thread finished: API 1-45
2025-11-14 18:59:03,545 INFO o.a.j.t.JMeterThread: Thread is done: API 1-44
2025-11-14 18:59:03,545 INFO o.a.j.t.JMeterThread: Thread finished: API 1-44
2025-11-14 18:59:03,545 INFO o.a.j.t.JMeterThread: Thread started: API 1-134
2025-11-14 18:59:03,550 INFO o.a.j.t.JMeterThread: Thread started: API 1-135
2025-11-14 18:59:03,551 INFO o.a.j.t.JMeterThread: Thread is done: API 1-39
2025-11-14 18:59:03,551 INFO o.a.j.t.JMeterThread: Thread finished: API 1-39
2025-11-14 18:59:03,551 INFO o.a.j.t.JMeterThread: Thread is done: API 1-38
2025-11-14 18:59:03,551 INFO o.a.j.t.JMeterThread: Thread finished: API 1-38
2025-11-14 18:59:03,553 INFO o.a.j.t.JMeterThread: Thread is done: API 1-43
2025-11-14 18:59:03,553 INFO o.a.j.t.JMeterThread: Thread finished: API 1-43
2025-11-14 18:59:03,555 INFO o.a.j.t.JMeterThread: Thread started: API 1-136
2025-11-14 18:59:03,560 INFO o.a.j.t.JMeterThread: Thread started: API 1-137
2025-11-14 18:59:03,561 INFO o.a.j.t.JMeterThread: Thread is done: API 1-35
2025-11-14 18:59:03,561 INFO o.a.j.t.JMeterThread: Thread is done: API 1-36
2025-11-14 18:59:03,561 INFO o.a.j.t.JMeterThread: Thread finished: API 1-36
2025-11-14 18:59:03,561 INFO o.a.j.t.JMeterThread: Thread finished: API 1-35
2025-11-14 18:59:03,562 INFO o.a.j.t.JMeterThread: Thread is done: API 1-41
2025-11-14 18:59:03,562 INFO o.a.j.t.JMeterThread: Thread finished: API 1-41
2025-11-14 18:59:03,565 INFO o.a.j.t.JMeterThread: Thread started: API 1-138
2025-11-14 18:59:03,569 INFO o.a.j.t.JMeterThread: Thread is done: API 1-25
2025-11-14 18:59:03,569 INFO o.a.j.t.JMeterThread: Thread finished: API 1-25
2025-11-14 18:59:03,571 INFO o.a.j.t.JMeterThread: Thread started: API 1-139
2025-11-14 18:59:03,572 INFO o.a.j.t.JMeterThread: Thread is done: API 1-14
2025-11-14 18:59:03,573 INFO o.a.j.t.JMeterThread: Thread finished: API 1-14
2025-11-14 18:59:03,575 INFO o.a.j.t.JMeterThread: Thread is done: API 1-26
2025-11-14 18:59:03,575 INFO o.a.j.t.JMeterThread: Thread finished: API 1-26
2025-11-14 18:59:03,576 INFO o.a.j.t.JMeterThread: Thread started: API 1-140
2025-11-14 18:59:03,577 INFO o.a.j.t.JMeterThread: Thread is done: API 1-11
2025-11-14 18:59:03,577 INFO o.a.j.t.JMeterThread: Thread finished: API 1-11
2025-11-14 18:59:03,578 INFO o.a.j.t.JMeterThread: Thread is done: API 1-52
2025-11-14 18:59:03,578 INFO o.a.j.t.JMeterThread: Thread finished: API 1-52
2025-11-14 18:59:03,581 INFO o.a.j.t.JMeterThread: Thread started: API 1-141
2025-11-14 18:59:03,583 INFO o.a.j.t.JMeterThread: Thread is done: API 1-3
2025-11-14 18:59:03,583 INFO o.a.j.t.JMeterThread: Thread finished: API 1-3
2025-11-14 18:59:03,584 INFO o.a.j.t.JMeterThread: Thread is done: API 1-63
2025-11-14 18:59:03,584 INFO o.a.j.t.JMeterThread: Thread is done: API 1-64
2025-11-14 18:59:03,584 INFO o.a.j.t.JMeterThread: Thread finished: API 1-63
2025-11-14 18:59:03,584 INFO o.a.j.t.JMeterThread: Thread finished: API 1-64
2025-11-14 18:59:03,584 INFO o.a.j.t.JMeterThread: Thread is done: API 1-72
2025-11-14 18:59:03,584 INFO o.a.j.t.JMeterThread: Thread finished: API 1-72
2025-11-14 18:59:03,584 INFO o.a.j.t.JMeterThread: Thread started: API 1-142
2025-11-14 18:59:03,591 INFO o.a.j.t.JMeterThread: Thread is done: API 1-15
2025-11-14 18:59:03,591 INFO o.a.j.t.JMeterThread: Thread finished: API 1-15
2025-11-14 18:59:03,591 INFO o.a.j.t.JMeterThread: Thread started: API 1-143
2025-11-14 18:59:03,592 INFO o.a.j.t.JMeterThread: Thread is done: API 1-17
2025-11-14 18:59:03,592 INFO o.a.j.t.JMeterThread: Thread is done: API 1-53
2025-11-14 18:59:03,592 INFO o.a.j.t.JMeterThread: Thread finished: API 1-17
2025-11-14 18:59:03,592 INFO o.a.j.t.JMeterThread: Thread finished: API 1-53
2025-11-14 18:59:03,596 INFO o.a.j.t.JMeterThread: Thread started: API 1-144
2025-11-14 18:59:03,600 INFO o.a.j.t.JMeterThread: Thread started: API 1-145
2025-11-14 18:59:03,601 INFO o.a.j.t.JMeterThread: Thread is done: API 1-74
2025-11-14 18:59:03,602 INFO o.a.j.t.JMeterThread: Thread finished: API 1-74
2025-11-14 18:59:03,603 INFO o.a.j.t.JMeterThread: Thread is done: API 1-23
2025-11-14 18:59:03,604 INFO o.a.j.t.JMeterThread: Thread finished: API 1-23
2025-11-14 18:59:03,604 INFO o.a.j.t.JMeterThread: Thread is done: API 1-79
2025-11-14 18:59:03,604 INFO o.a.j.t.JMeterThread: Thread finished: API 1-79
2025-11-14 18:59:03,606 INFO o.a.j.t.JMeterThread: Thread started: API 1-146
2025-11-14 18:59:03,609 INFO o.a.j.t.JMeterThread: Thread started: API 1-147
2025-11-14 18:59:03,611 INFO o.a.j.t.JMeterThread: Thread is done: API 1-89
2025-11-14 18:59:03,611 INFO o.a.j.t.JMeterThread: Thread finished: API 1-89
2025-11-14 18:59:03,611 INFO o.a.j.t.JMeterThread: Thread is done: API 1-80
2025-11-14 18:59:03,611 INFO o.a.j.t.JMeterThread: Thread finished: API 1-80
2025-11-14 18:59:03,613 INFO o.a.j.t.JMeterThread: Thread is done: API 1-90
2025-11-14 18:59:03,613 INFO o.a.j.t.JMeterThread: Thread finished: API 1-90
2025-11-14 18:59:03,615 INFO o.a.j.t.JMeterThread: Thread started: API 1-148
2025-11-14 18:59:03,619 INFO o.a.j.t.JMeterThread: Thread is done: API 1-87
2025-11-14 18:59:03,619 INFO o.a.j.t.JMeterThread: Thread finished: API 1-87
2025-11-14 18:59:03,619 INFO o.a.j.t.JMeterThread: Thread started: API 1-149
2025-11-14 18:59:03,620 INFO o.a.j.t.JMeterThread: Thread is done: API 1-88
2025-11-14 18:59:03,620 INFO o.a.j.t.JMeterThread: Thread finished: API 1-88
2025-11-14 18:59:03,621 INFO o.a.j.t.JMeterThread: Thread is done: API 1-83
2025-11-14 18:59:03,621 INFO o.a.j.t.JMeterThread: Thread is done: API 1-85
2025-11-14 18:59:03,621 INFO o.a.j.t.JMeterThread: Thread finished: API 1-83
2025-11-14 18:59:03,621 INFO o.a.j.t.JMeterThread: Thread finished: API 1-85
2025-11-14 18:59:03,626 INFO o.a.j.t.JMeterThread: Thread started: API 1-150
2025-11-14 18:59:03,631 INFO o.a.j.t.JMeterThread: Thread started: API 1-151
2025-11-14 18:59:03,633 INFO o.a.j.t.JMeterThread: Thread is done: API 1-84
2025-11-14 18:59:03,633 INFO o.a.j.t.JMeterThread: Thread finished: API 1-84
2025-11-14 18:59:03,635 INFO o.a.j.t.JMeterThread: Thread started: API 1-152
2025-11-14 18:59:03,635 INFO o.a.j.t.JMeterThread: Thread is done: API 1-82
2025-11-14 18:59:03,635 INFO o.a.j.t.JMeterThread: Thread finished: API 1-82
2025-11-14 18:59:03,638 INFO o.a.j.t.JMeterThread: Thread is done: API 1-81
2025-11-14 18:59:03,638 INFO o.a.j.t.JMeterThread: Thread finished: API 1-81
2025-11-14 18:59:03,640 INFO o.a.j.t.JMeterThread: Thread is done: API 1-86
2025-11-14 18:59:03,640 INFO o.a.j.t.JMeterThread: Thread finished: API 1-86
2025-11-14 18:59:03,640 INFO o.a.j.t.JMeterThread: Thread started: API 1-153
2025-11-14 18:59:03,647 INFO o.a.j.t.JMeterThread: Thread started: API 1-154
2025-11-14 18:59:03,649 INFO o.a.j.t.JMeterThread: Thread started: API 1-155
2025-11-14 18:59:03,650 INFO o.a.j.t.JMeterThread: Thread is done: API 1-91
2025-11-14 18:59:03,650 INFO o.a.j.t.JMeterThread: Thread finished: API 1-91
2025-11-14 18:59:03,656 INFO o.a.j.t.JMeterThread: Thread started: API 1-156
2025-11-14 18:59:03,659 INFO o.a.j.t.JMeterThread: Thread is done: API 1-92
2025-11-14 18:59:03,659 INFO o.a.j.t.JMeterThread: Thread finished: API 1-92
2025-11-14 18:59:03,661 INFO o.a.j.t.JMeterThread: Thread started: API 1-157
2025-11-14 18:59:03,662 INFO o.a.j.t.JMeterThread: Thread is done: API 1-93
2025-11-14 18:59:03,662 INFO o.a.j.t.JMeterThread: Thread is done: API 1-94
2025-11-14 18:59:03,662 INFO o.a.j.t.JMeterThread: Thread finished: API 1-93
2025-11-14 18:59:03,662 INFO o.a.j.t.JMeterThread: Thread finished: API 1-94
2025-11-14 18:59:03,663 INFO o.a.j.t.JMeterThread: Thread is done: API 1-95
2025-11-14 18:59:03,663 INFO o.a.j.t.JMeterThread: Thread finished: API 1-95
2025-11-14 18:59:03,664 INFO o.a.j.t.JMeterThread: Thread started: API 1-158
2025-11-14 18:59:03,669 INFO o.a.j.t.JMeterThread: Thread is done: API 1-96
2025-11-14 18:59:03,669 INFO o.a.j.t.JMeterThread: Thread finished: API 1-96
2025-11-14 18:59:03,669 INFO o.a.j.t.JMeterThread: Thread is done: API 1-97
2025-11-14 18:59:03,669 INFO o.a.j.t.JMeterThread: Thread finished: API 1-97
2025-11-14 18:59:03,670 INFO o.a.j.t.JMeterThread: Thread started: API 1-159
2025-11-14 18:59:03,675 INFO o.a.j.t.JMeterThread: Thread is done: API 1-98
2025-11-14 18:59:03,675 INFO o.a.j.t.JMeterThread: Thread finished: API 1-98
2025-11-14 18:59:03,675 INFO o.a.j.t.JMeterThread: Thread started: API 1-160
2025-11-14 18:59:03,676 INFO o.a.j.t.JMeterThread: Thread is done: API 1-99
2025-11-14 18:59:03,676 INFO o.a.j.t.JMeterThread: Thread finished: API 1-99
2025-11-14 18:59:03,676 INFO o.a.j.t.JMeterThread: Thread is done: API 1-100
2025-11-14 18:59:03,676 INFO o.a.j.t.JMeterThread: Thread finished: API 1-100
2025-11-14 18:59:03,681 INFO o.a.j.t.JMeterThread: Thread started: API 1-161
2025-11-14 18:59:03,684 INFO o.a.j.t.JMeterThread: Thread is done: API 1-101
2025-11-14 18:59:03,684 INFO o.a.j.t.JMeterThread: Thread is done: API 1-102
2025-11-14 18:59:03,684 INFO o.a.j.t.JMeterThread: Thread finished: API 1-101
2025-11-14 18:59:03,684 INFO o.a.j.t.JMeterThread: Thread finished: API 1-102
2025-11-14 18:59:03,686 INFO o.a.j.t.JMeterThread: Thread is done: API 1-103
2025-11-14 18:59:03,686 INFO o.a.j.t.JMeterThread: Thread finished: API 1-103
2025-11-14 18:59:03,686 INFO o.a.j.t.JMeterThread: Thread started: API 1-162
2025-11-14 18:59:03,689 INFO o.a.j.t.JMeterThread: Thread started: API 1-163
2025-11-14 18:59:03,690 INFO o.a.j.t.JMeterThread: Thread is done: API 1-104
2025-11-14 18:59:03,690 INFO o.a.j.t.JMeterThread: Thread finished: API 1-104
2025-11-14 18:59:03,694 INFO o.a.j.t.JMeterThread: Thread started: API 1-164
2025-11-14 18:59:03,696 INFO o.a.j.t.JMeterThread: Thread is done: API 1-105
2025-11-14 18:59:03,696 INFO o.a.j.t.JMeterThread: Thread finished: API 1-105
2025-11-14 18:59:03,697 INFO o.a.j.t.JMeterThread: Thread is done: API 1-106
2025-11-14 18:59:03,697 INFO o.a.j.t.JMeterThread: Thread finished: API 1-106
2025-11-14 18:59:03,698 INFO o.a.j.t.JMeterThread: Thread is done: API 1-107
2025-11-14 18:59:03,698 INFO o.a.j.t.JMeterThread: Thread finished: API 1-107
2025-11-14 18:59:03,699 INFO o.a.j.t.JMeterThread: Thread started: API 1-165
2025-11-14 18:59:03,704 INFO o.a.j.t.JMeterThread: Thread is done: API 1-108
2025-11-14 18:59:03,704 INFO o.a.j.t.JMeterThread: Thread finished: API 1-108
2025-11-14 18:59:03,705 INFO o.a.j.t.JMeterThread: Thread started: API 1-166
2025-11-14 18:59:03,706 INFO o.a.j.t.JMeterThread: Thread is done: API 1-109
2025-11-14 18:59:03,706 INFO o.a.j.t.JMeterThread: Thread finished: API 1-109
2025-11-14 18:59:03,709 INFO o.a.j.t.JMeterThread: Thread started: API 1-167
2025-11-14 18:59:03,712 INFO o.a.j.t.JMeterThread: Thread is done: API 1-110
2025-11-14 18:59:03,712 INFO o.a.j.t.JMeterThread: Thread is done: API 1-111
2025-11-14 18:59:03,712 INFO o.a.j.t.JMeterThread: Thread is done: API 1-112
2025-11-14 18:59:03,712 INFO o.a.j.t.JMeterThread: Thread finished: API 1-111
2025-11-14 18:59:03,712 INFO o.a.j.t.JMeterThread: Thread finished: API 1-112
2025-11-14 18:59:03,712 INFO o.a.j.t.JMeterThread: Thread finished: API 1-110
2025-11-14 18:59:03,714 INFO o.a.j.t.JMeterThread: Thread started: API 1-168
2025-11-14 18:59:03,718 INFO o.a.j.t.JMeterThread: Thread is done: API 1-113
2025-11-14 18:59:03,719 INFO o.a.j.t.JMeterThread: Thread finished: API 1-113
2025-11-14 18:59:03,719 INFO o.a.j.t.JMeterThread: Thread is done: API 1-114
2025-11-14 18:59:03,719 INFO o.a.j.t.JMeterThread: Thread finished: API 1-114
2025-11-14 18:59:03,720 INFO o.a.j.t.JMeterThread: Thread started: API 1-169
2025-11-14 18:59:03,720 INFO o.a.j.t.JMeterThread: Thread is done: API 1-115
2025-11-14 18:59:03,720 INFO o.a.j.t.JMeterThread: Thread finished: API 1-115
2025-11-14 18:59:03,725 INFO o.a.j.t.JMeterThread: Thread started: API 1-170
2025-11-14 18:59:03,725 INFO o.a.j.t.JMeterThread: Thread is done: API 1-116
2025-11-14 18:59:03,725 INFO o.a.j.t.JMeterThread: Thread finished: API 1-116
2025-11-14 18:59:03,729 INFO o.a.j.t.JMeterThread: Thread is done: API 1-119
2025-11-14 18:59:03,729 INFO o.a.j.t.JMeterThread: Thread finished: API 1-119
2025-11-14 18:59:03,730 INFO o.a.j.t.JMeterThread: Thread is done: API 1-117
2025-11-14 18:59:03,730 INFO o.a.j.t.JMeterThread: Thread finished: API 1-117
2025-11-14 18:59:03,730 INFO o.a.j.t.JMeterThread: Thread started: API 1-171
2025-11-14 18:59:03,731 INFO o.a.j.t.JMeterThread: Thread is done: API 1-118
2025-11-14 18:59:03,731 INFO o.a.j.t.JMeterThread: Thread finished: API 1-118
2025-11-14 18:59:03,734 INFO o.a.j.t.JMeterThread: Thread started: API 1-172
2025-11-14 18:59:03,739 INFO o.a.j.t.JMeterThread: Thread started: API 1-173
2025-11-14 18:59:03,740 INFO o.a.j.t.JMeterThread: Thread is done: API 1-120
2025-11-14 18:59:03,740 INFO o.a.j.t.JMeterThread: Thread finished: API 1-120
2025-11-14 18:59:03,744 INFO o.a.j.t.JMeterThread: Thread is done: API 1-121
2025-11-14 18:59:03,744 INFO o.a.j.t.JMeterThread: Thread finished: API 1-121
2025-11-14 18:59:03,745 INFO o.a.j.t.JMeterThread: Thread started: API 1-174
2025-11-14 18:59:03,746 INFO o.a.j.t.JMeterThread: Thread is done: API 1-122
2025-11-14 18:59:03,746 INFO o.a.j.t.JMeterThread: Thread finished: API 1-122
2025-11-14 18:59:03,749 INFO o.a.j.t.JMeterThread: Thread is done: API 1-123
2025-11-14 18:59:03,749 INFO o.a.j.t.JMeterThread: Thread finished: API 1-123
2025-11-14 18:59:03,751 INFO o.a.j.t.JMeterThread: Thread started: API 1-175
2025-11-14 18:59:03,755 INFO o.a.j.t.JMeterThread: Thread started: API 1-176
2025-11-14 18:59:03,756 INFO o.a.j.t.JMeterThread: Thread is done: API 1-124
2025-11-14 18:59:03,756 INFO o.a.j.t.JMeterThread: Thread finished: API 1-124
2025-11-14 18:59:03,757 INFO o.a.j.t.JMeterThread: Thread is done: API 1-125
2025-11-14 18:59:03,757 INFO o.a.j.t.JMeterThread: Thread finished: API 1-125
2025-11-14 18:59:03,760 INFO o.a.j.t.JMeterThread: Thread started: API 1-177
2025-11-14 18:59:03,760 INFO o.a.j.t.JMeterThread: Thread is done: API 1-126
2025-11-14 18:59:03,760 INFO o.a.j.t.JMeterThread: Thread finished: API 1-126
2025-11-14 18:59:03,761 INFO o.a.j.t.JMeterThread: Thread is done: API 1-127
2025-11-14 18:59:03,761 INFO o.a.j.t.JMeterThread: Thread finished: API 1-127
2025-11-14 18:59:03,761 INFO o.a.j.t.JMeterThread: Thread is done: API 1-128
2025-11-14 18:59:03,761 INFO o.a.j.t.JMeterThread: Thread finished: API 1-128
2025-11-14 18:59:03,766 INFO o.a.j.t.JMeterThread: Thread started: API 1-178
2025-11-14 18:59:03,766 INFO o.a.j.t.JMeterThread: Thread is done: API 1-129
2025-11-14 18:59:03,766 INFO o.a.j.t.JMeterThread: Thread finished: API 1-129
2025-11-14 18:59:03,766 INFO o.a.j.t.JMeterThread: Thread is done: API 1-130
2025-11-14 18:59:03,766 INFO o.a.j.t.JMeterThread: Thread is done: API 1-131
2025-11-14 18:59:03,767 INFO o.a.j.t.JMeterThread: Thread finished: API 1-130
2025-11-14 18:59:03,767 INFO o.a.j.t.JMeterThread: Thread finished: API 1-131
2025-11-14 18:59:03,770 INFO o.a.j.t.JMeterThread: Thread started: API 1-179
2025-11-14 18:59:03,775 INFO o.a.j.t.JMeterThread: Thread started: API 1-180
2025-11-14 18:59:03,775 INFO o.a.j.t.JMeterThread: Thread is done: API 1-132
2025-11-14 18:59:03,775 INFO o.a.j.t.JMeterThread: Thread finished: API 1-132
2025-11-14 18:59:03,775 INFO o.a.j.t.JMeterThread: Thread is done: API 1-133
2025-11-14 18:59:03,776 INFO o.a.j.t.JMeterThread: Thread finished: API 1-133
2025-11-14 18:59:03,776 INFO o.a.j.t.JMeterThread: Thread is done: API 1-134
2025-11-14 18:59:03,776 INFO o.a.j.t.JMeterThread: Thread finished: API 1-134
2025-11-14 18:59:03,777 INFO o.a.j.t.JMeterThread: Thread is done: API 1-135
2025-11-14 18:59:03,777 INFO o.a.j.t.JMeterThread: Thread finished: API 1-135
2025-11-14 18:59:03,782 INFO o.a.j.t.JMeterThread: Thread started: API 1-181
2025-11-14 18:59:03,783 INFO o.a.j.t.JMeterThread: Thread is done: API 1-136
2025-11-14 18:59:03,783 INFO o.a.j.t.JMeterThread: Thread finished: API 1-136
2025-11-14 18:59:03,784 INFO o.a.j.t.JMeterThread: Thread is done: API 1-137
2025-11-14 18:59:03,784 INFO o.a.j.t.JMeterThread: Thread finished: API 1-137
2025-11-14 18:59:03,784 INFO o.a.j.t.JMeterThread: Thread is done: API 1-138
2025-11-14 18:59:03,784 INFO o.a.j.t.JMeterThread: Thread finished: API 1-138
2025-11-14 18:59:03,786 INFO o.a.j.t.JMeterThread: Thread started: API 1-182
2025-11-14 18:59:03,786 INFO o.a.j.t.JMeterThread: Thread is done: API 1-139
2025-11-14 18:59:03,786 INFO o.a.j.t.JMeterThread: Thread finished: API 1-139
2025-11-14 18:59:03,788 INFO o.a.j.t.JMeterThread: Thread is done: API 1-140
2025-11-14 18:59:03,788 INFO o.a.j.t.JMeterThread: Thread finished: API 1-140
2025-11-14 18:59:03,790 INFO o.a.j.t.JMeterThread: Thread started: API 1-183
2025-11-14 18:59:03,791 INFO o.a.j.t.JMeterThread: Thread is done: API 1-141
2025-11-14 18:59:03,791 INFO o.a.j.t.JMeterThread: Thread finished: API 1-141
2025-11-14 18:59:03,792 INFO o.a.j.t.JMeterThread: Thread is done: API 1-142
2025-11-14 18:59:03,793 INFO o.a.j.t.JMeterThread: Thread finished: API 1-142
2025-11-14 18:59:03,795 INFO o.a.j.t.JMeterThread: Thread started: API 1-184
2025-11-14 18:59:03,796 INFO o.a.j.t.JMeterThread: Thread is done: API 1-143
2025-11-14 18:59:03,796 INFO o.a.j.t.JMeterThread: Thread finished: API 1-143
2025-11-14 18:59:03,797 INFO o.a.j.t.JMeterThread: Thread is done: API 1-144
2025-11-14 18:59:03,797 INFO o.a.j.t.JMeterThread: Thread finished: API 1-144
2025-11-14 18:59:03,798 INFO o.a.j.t.JMeterThread: Thread is done: API 1-145
2025-11-14 18:59:03,798 INFO o.a.j.t.JMeterThread: Thread finished: API 1-145
2025-11-14 18:59:03,800 INFO o.a.j.t.JMeterThread: Thread is done: API 1-146
2025-11-14 18:59:03,800 INFO o.a.j.t.JMeterThread: Thread finished: API 1-146
2025-11-14 18:59:03,801 INFO o.a.j.t.JMeterThread: Thread started: API 1-185
2025-11-14 18:59:03,805 INFO o.a.j.t.JMeterThread: Thread is done: API 1-147
2025-11-14 18:59:03,805 INFO o.a.j.t.JMeterThread: Thread finished: API 1-147
2025-11-14 18:59:03,805 INFO o.a.j.t.JMeterThread: Thread started: API 1-186
2025-11-14 18:59:03,806 INFO o.a.j.t.JMeterThread: Thread is done: API 1-148
2025-11-14 18:59:03,806 INFO o.a.j.t.JMeterThread: Thread finished: API 1-148
2025-11-14 18:59:03,806 INFO o.a.j.t.JMeterThread: Thread is done: API 1-149
2025-11-14 18:59:03,807 INFO o.a.j.t.JMeterThread: Thread finished: API 1-149
2025-11-14 18:59:03,811 INFO o.a.j.t.JMeterThread: Thread started: API 1-187
2025-11-14 18:59:03,811 INFO o.a.j.t.JMeterThread: Thread is done: API 1-150
2025-11-14 18:59:03,812 INFO o.a.j.t.JMeterThread: Thread finished: API 1-150
2025-11-14 18:59:03,814 INFO o.a.j.t.JMeterThread: Thread is done: API 1-151
2025-11-14 18:59:03,814 INFO o.a.j.t.JMeterThread: Thread finished: API 1-151
2025-11-14 18:59:03,814 INFO o.a.j.t.JMeterThread: Thread is done: API 1-152
2025-11-14 18:59:03,814 INFO o.a.j.t.JMeterThread: Thread is done: API 1-153
2025-11-14 18:59:03,814 INFO o.a.j.t.JMeterThread: Thread finished: API 1-152
2025-11-14 18:59:03,814 INFO o.a.j.t.JMeterThread: Thread finished: API 1-153
2025-11-14 18:59:03,816 INFO o.a.j.t.JMeterThread: Thread started: API 1-188
2025-11-14 18:59:03,818 INFO o.a.j.t.JMeterThread: Thread is done: API 1-154
2025-11-14 18:59:03,818 INFO o.a.j.t.JMeterThread: Thread finished: API 1-154
2025-11-14 18:59:03,820 INFO o.a.j.t.JMeterThread: Thread is done: API 1-155
2025-11-14 18:59:03,820 INFO o.a.j.t.JMeterThread: Thread finished: API 1-155
2025-11-14 18:59:03,820 INFO o.a.j.t.JMeterThread: Thread started: API 1-189
2025-11-14 18:59:03,823 INFO o.a.j.t.JMeterThread: Thread is done: API 1-156
2025-11-14 18:59:03,823 INFO o.a.j.t.JMeterThread: Thread finished: API 1-156
2025-11-14 18:59:03,825 INFO o.a.j.t.JMeterThread: Thread is done: API 1-157
2025-11-14 18:59:03,825 INFO o.a.j.t.JMeterThread: Thread finished: API 1-157
2025-11-14 18:59:03,826 INFO o.a.j.t.JMeterThread: Thread is done: API 1-158
2025-11-14 18:59:03,826 INFO o.a.j.t.JMeterThread: Thread started: API 1-190
2025-11-14 18:59:03,826 INFO o.a.j.t.JMeterThread: Thread finished: API 1-158
2025-11-14 18:59:03,829 INFO o.a.j.t.JMeterThread: Thread is done: API 1-159
2025-11-14 18:59:03,829 INFO o.a.j.t.JMeterThread: Thread finished: API 1-159
2025-11-14 18:59:03,830 INFO o.a.j.t.JMeterThread: Thread started: API 1-191
2025-11-14 18:59:03,832 INFO o.a.j.t.JMeterThread: Thread is done: API 1-160
2025-11-14 18:59:03,832 INFO o.a.j.t.JMeterThread: Thread finished: API 1-160
2025-11-14 18:59:03,833 INFO o.a.j.t.JMeterThread: Thread is done: API 1-161
2025-11-14 18:59:03,833 INFO o.a.j.t.JMeterThread: Thread finished: API 1-161
2025-11-14 18:59:03,835 INFO o.a.j.t.JMeterThread: Thread started: API 1-192
2025-11-14 18:59:03,836 INFO o.a.j.t.JMeterThread: Thread is done: API 1-162
2025-11-14 18:59:03,837 INFO o.a.j.t.JMeterThread: Thread finished: API 1-162
2025-11-14 18:59:03,838 INFO o.a.j.t.JMeterThread: Thread is done: API 1-163
2025-11-14 18:59:03,838 INFO o.a.j.t.JMeterThread: Thread finished: API 1-163
2025-11-14 18:59:03,840 INFO o.a.j.t.JMeterThread: Thread started: API 1-193
2025-11-14 18:59:03,840 INFO o.a.j.t.JMeterThread: Thread is done: API 1-164
2025-11-14 18:59:03,841 INFO o.a.j.t.JMeterThread: Thread finished: API 1-164
2025-11-14 18:59:03,842 INFO o.a.j.t.JMeterThread: Thread is done: API 1-165
2025-11-14 18:59:03,842 INFO o.a.j.t.JMeterThread: Thread finished: API 1-165
2025-11-14 18:59:03,844 INFO o.a.j.t.JMeterThread: Thread is done: API 1-166
2025-11-14 18:59:03,845 INFO o.a.j.t.JMeterThread: Thread finished: API 1-166
2025-11-14 18:59:03,845 INFO o.a.j.t.JMeterThread: Thread started: API 1-194
2025-11-14 18:59:03,846 INFO o.a.j.t.JMeterThread: Thread is done: API 1-167
2025-11-14 18:59:03,846 INFO o.a.j.t.JMeterThread: Thread finished: API 1-167
2025-11-14 18:59:03,850 INFO o.a.j.t.JMeterThread: Thread is done: API 1-168
2025-11-14 18:59:03,850 INFO o.a.j.t.JMeterThread: Thread finished: API 1-168
2025-11-14 18:59:03,850 INFO o.a.j.t.JMeterThread: Thread started: API 1-195
2025-11-14 18:59:03,850 INFO o.a.j.t.JMeterThread: Thread is done: API 1-169
2025-11-14 18:59:03,850 INFO o.a.j.t.JMeterThread: Thread finished: API 1-169
2025-11-14 18:59:03,854 INFO o.a.j.t.JMeterThread: Thread started: API 1-196
2025-11-14 18:59:03,854 INFO o.a.j.t.JMeterThread: Thread is done: API 1-170
2025-11-14 18:59:03,855 INFO o.a.j.t.JMeterThread: Thread finished: API 1-170
2025-11-14 18:59:03,856 INFO o.a.j.t.JMeterThread: Thread is done: API 1-171
2025-11-14 18:59:03,856 INFO o.a.j.t.JMeterThread: Thread finished: API 1-171
2025-11-14 18:59:03,858 INFO o.a.j.t.JMeterThread: Thread is done: API 1-172
2025-11-14 18:59:03,858 INFO o.a.j.t.JMeterThread: Thread finished: API 1-172
2025-11-14 18:59:03,859 INFO o.a.j.t.JMeterThread: Thread is done: API 1-173
2025-11-14 18:59:03,859 INFO o.a.j.t.JMeterThread: Thread finished: API 1-173
2025-11-14 18:59:03,860 INFO o.a.j.t.JMeterThread: Thread started: API 1-197
2025-11-14 18:59:03,862 INFO o.a.j.t.JMeterThread: Thread is done: API 1-174
2025-11-14 18:59:03,862 INFO o.a.j.t.JMeterThread: Thread is done: API 1-175
2025-11-14 18:59:03,862 INFO o.a.j.t.JMeterThread: Thread finished: API 1-174
2025-11-14 18:59:03,863 INFO o.a.j.t.JMeterThread: Thread finished: API 1-175
2025-11-14 18:59:03,865 INFO o.a.j.t.JMeterThread: Thread started: API 1-198
2025-11-14 18:59:03,867 INFO o.a.j.t.JMeterThread: Thread is done: API 1-176
2025-11-14 18:59:03,867 INFO o.a.j.t.JMeterThread: Thread finished: API 1-176
2025-11-14 18:59:03,868 INFO o.a.j.t.JMeterThread: Thread is done: API 1-177
2025-11-14 18:59:03,868 INFO o.a.j.t.JMeterThread: Thread is done: API 1-178
2025-11-14 18:59:03,868 INFO o.a.j.t.JMeterThread: Thread finished: API 1-177
2025-11-14 18:59:03,868 INFO o.a.j.t.JMeterThread: Thread finished: API 1-178
2025-11-14 18:59:03,869 INFO o.a.j.t.JMeterThread: Thread started: API 1-199
2025-11-14 18:59:03,874 INFO o.a.j.t.JMeterThread: Thread started: API 1-200
2025-11-14 18:59:03,875 INFO o.a.j.t.JMeterThread: Thread is done: API 1-179
2025-11-14 18:59:03,875 INFO o.a.j.t.JMeterThread: Thread is done: API 1-180
2025-11-14 18:59:03,876 INFO o.a.j.t.JMeterThread: Thread finished: API 1-179
2025-11-14 18:59:03,876 INFO o.a.j.t.JMeterThread: Thread finished: API 1-180
2025-11-14 18:59:03,877 INFO o.a.j.t.JMeterThread: Thread is done: API 1-181
2025-11-14 18:59:03,878 INFO o.a.j.t.JMeterThread: Thread finished: API 1-181
2025-11-14 18:59:03,886 INFO o.a.j.t.JMeterThread: Thread is done: API 1-183
2025-11-14 18:59:03,886 INFO o.a.j.t.JMeterThread: Thread is done: API 1-182
2025-11-14 18:59:03,886 INFO o.a.j.t.JMeterThread: Thread finished: API 1-183
2025-11-14 18:59:03,886 INFO o.a.j.t.JMeterThread: Thread finished: API 1-182
2025-11-14 18:59:03,886 INFO o.a.j.t.JMeterThread: Thread is done: API 1-184
2025-11-14 18:59:03,886 INFO o.a.j.t.JMeterThread: Thread finished: API 1-184
2025-11-14 18:59:03,892 INFO o.a.j.t.JMeterThread: Thread is done: API 1-185
2025-11-14 18:59:03,892 INFO o.a.j.t.JMeterThread: Thread finished: API 1-185
2025-11-14 18:59:03,892 INFO o.a.j.t.JMeterThread: Thread is done: API 1-186
2025-11-14 18:59:03,892 INFO o.a.j.t.JMeterThread: Thread finished: API 1-186
2025-11-14 18:59:03,895 INFO o.a.j.t.JMeterThread: Thread is done: API 1-187
2025-11-14 18:59:03,895 INFO o.a.j.t.JMeterThread: Thread finished: API 1-187
2025-11-14 18:59:03,900 INFO o.a.j.t.JMeterThread: Thread is done: API 1-188
2025-11-14 18:59:03,900 INFO o.a.j.t.JMeterThread: Thread finished: API 1-188
2025-11-14 18:59:03,903 INFO o.a.j.t.JMeterThread: Thread is done: API 1-189
2025-11-14 18:59:03,903 INFO o.a.j.t.JMeterThread: Thread is done: API 1-190
2025-11-14 18:59:03,904 INFO o.a.j.t.JMeterThread: Thread is done: API 1-191
2025-11-14 18:59:03,904 INFO o.a.j.t.JMeterThread: Thread finished: API 1-189
2025-11-14 18:59:03,904 INFO o.a.j.t.JMeterThread: Thread finished: API 1-191
2025-11-14 18:59:03,904 INFO o.a.j.t.JMeterThread: Thread finished: API 1-190
2025-11-14 18:59:03,908 INFO o.a.j.t.JMeterThread: Thread is done: API 1-192
2025-11-14 18:59:03,908 INFO o.a.j.t.JMeterThread: Thread finished: API 1-192
2025-11-14 18:59:03,908 INFO o.a.j.t.JMeterThread: Thread is done: API 1-193
2025-11-14 18:59:03,908 INFO o.a.j.t.JMeterThread: Thread finished: API 1-193
2025-11-14 18:59:03,910 INFO o.a.j.t.JMeterThread: Thread is done: API 1-195
2025-11-14 18:59:03,910 INFO o.a.j.t.JMeterThread: Thread is done: API 1-194
2025-11-14 18:59:03,910 INFO o.a.j.t.JMeterThread: Thread finished: API 1-195
2025-11-14 18:59:03,911 INFO o.a.j.t.JMeterThread: Thread finished: API 1-194
2025-11-14 18:59:03,915 INFO o.a.j.t.JMeterThread: Thread is done: API 1-196
2025-11-14 18:59:03,915 INFO o.a.j.t.JMeterThread: Thread finished: API 1-196
2025-11-14 18:59:03,916 INFO o.a.j.t.JMeterThread: Thread is done: API 1-197
2025-11-14 18:59:03,916 INFO o.a.j.t.JMeterThread: Thread is done: API 1-198
2025-11-14 18:59:03,916 INFO o.a.j.t.JMeterThread: Thread finished: API 1-197
2025-11-14 18:59:03,916 INFO o.a.j.t.JMeterThread: Thread finished: API 1-198
2025-11-14 18:59:03,917 INFO o.a.j.t.JMeterThread: Thread is done: API 1-199
2025-11-14 18:59:03,917 INFO o.a.j.t.JMeterThread: Thread finished: API 1-199
2025-11-14 18:59:03,919 INFO o.a.j.t.JMeterThread: Thread is done: API 1-200
2025-11-14 18:59:03,919 INFO o.a.j.t.JMeterThread: Thread finished: API 1-200
2025-11-14 18:59:03,919 INFO o.a.j.e.StandardJMeterEngine: Notifying test listeners of end of test
2025-11-14 18:59:03,920 INFO o.a.j.r.Summariser: summary +    199 in 00:00:00 =  430.7/s Avg:   217 Min:    44 Max:   385 Err:     0 (0.00%) Active: 0 Started: 200 Finished: 200
2025-11-14 18:59:03,921 INFO o.a.j.r.Summariser: summary =    200 in 00:00:01 =  185.5/s Avg:   217 Min:    44 Max:   385 Err:     0 (0.00%)
2025-11-14 18:59:03,922 INFO o.a.j.JMeter: Generating Dashboard
2025-11-14 18:59:03,922 INFO o.a.j.r.d.ReportGenerator: Flushing result collector before report Generation
2025-11-14 18:59:03,935 INFO o.a.j.r.p.NormalizerSampleConsumer: Using format, 'ms', to parse timeStamp field
2025-11-14 18:59:04,056 INFO o.a.j.r.p.AbstractSampleConsumer: class org.apache.jmeter.report.processor.AggregateConsumer#stopProducing(): beginDate produced 0 samples
2025-11-14 18:59:04,056 INFO o.a.j.r.p.AbstractSampleConsumer: class org.apache.jmeter.report.processor.AggregateConsumer#stopProducing(): endDate produced 0 samples
2025-11-14 18:59:04,062 INFO o.a.j.r.p.AbstractSampleConsumer: class org.apache.jmeter.report.processor.ApdexSummaryConsumer#stopProducing(): apdexSummary produced 0 samples
2025-11-14 18:59:04,062 INFO o.a.j.r.p.AbstractSampleConsumer: class org.apache.jmeter.report.processor.RequestsSummaryConsumer#stopProducing(): requestsSummary produced 0 samples
2025-11-14 18:59:04,077 INFO o.a.j.r.p.AbstractSampleConsumer: class org.apache.jmeter.report.processor.StatisticsSummaryConsumer#stopProducing(): statisticsSummary produced 0 samples
2025-11-14 18:59:04,082 INFO o.a.j.r.p.AbstractSampleConsumer: class org.apache.jmeter.report.processor.Top5ErrorsBySamplerConsumer#stopProducing(): top5ErrorsBySampler produced 0 samples
2025-11-14 18:59:04,082 INFO o.a.j.r.p.AbstractSampleConsumer: class org.apache.jmeter.report.processor.ErrorsSummaryConsumer#stopProducing(): errorsSummary produced 0 samples
2025-11-14 18:59:04,082 INFO o.a.j.r.p.AbstractSampleConsumer: class org.apache.jmeter.report.processor.graph.impl.HitsPerSecondGraphConsumer#stopProducing(): hitsPerSecond produced 0 samples
2025-11-14 18:59:04,109 INFO o.a.j.r.p.AbstractSampleConsumer: class org.apache.jmeter.report.processor.graph.impl.LatencyVSRequestGraphConsumer#stopProducing(): latencyVsRequest produced 0 samples
2025-11-14 18:59:04,109 INFO o.a.j.r.p.AbstractSampleConsumer: class org.apache.jmeter.report.processor.graph.impl.SyntheticResponseTimeDistributionGraphConsumer#stopProducing(): syntheticResponseTimeDistribution produced 0 samples
2025-11-14 18:59:04,110 INFO o.a.j.r.p.AbstractSampleConsumer: class org.apache.jmeter.report.processor.graph.impl.BytesThroughputGraphConsumer#stopProducing(): bytesThroughputOverTime produced 0 samples
2025-11-14 18:59:04,110 INFO o.a.j.r.p.AbstractSampleConsumer: class org.apache.jmeter.report.processor.graph.impl.CodesPerSecondGraphConsumer#stopProducing(): codesPerSecond produced 0 samples
2025-11-14 18:59:04,117 INFO o.a.j.r.p.AbstractSampleConsumer: class org.apache.jmeter.report.processor.graph.impl.ResponseTimeVSRequestGraphConsumer#stopProducing(): responseTimeVsRequest produced 0 samples
2025-11-14 18:59:04,118 INFO o.a.j.r.p.AbstractSampleConsumer: class org.apache.jmeter.report.processor.FilterConsumer#stopProducing(): startIntervalControlerFilter produced 1400 samples
2025-11-14 18:59:04,118 INFO o.a.j.r.p.AbstractSampleConsumer: class org.apache.jmeter.report.processor.graph.impl.TotalTPSGraphConsumer#stopProducing(): totalTPS produced 0 samples
2025-11-14 18:59:04,118 INFO o.a.j.r.p.AbstractSampleConsumer: class org.apache.jmeter.report.processor.graph.impl.ActiveThreadsGraphConsumer#stopProducing(): activeThreadsOverTime produced 0 samples
2025-11-14 18:59:04,118 INFO o.a.j.r.p.AbstractSampleConsumer: class org.apache.jmeter.report.processor.graph.impl.TimeVSThreadGraphConsumer#stopProducing(): timeVsThreads produced 0 samples
2025-11-14 18:59:04,118 INFO o.a.j.r.p.AbstractSampleConsumer: class org.apache.jmeter.report.processor.graph.impl.ResponseTimeDistributionGraphConsumer#stopProducing(): responseTimeDistribution produced 0 samples
2025-11-14 18:59:04,118 INFO o.a.j.r.p.AbstractSampleConsumer: class org.apache.jmeter.report.processor.graph.impl.TransactionsPerSecondGraphConsumer#stopProducing(): transactionsPerSecond produced 0 samples
2025-11-14 18:59:04,118 INFO o.a.j.r.p.AbstractSampleConsumer: class org.apache.jmeter.report.processor.graph.impl.ResponseTimePercentilesGraphConsumer#stopProducing(): responseTimePercentiles produced 0 samples
2025-11-14 18:59:04,121 INFO o.a.j.r.p.AbstractSampleConsumer: class org.apache.jmeter.report.processor.graph.impl.ResponseTimePercentilesOverTimeGraphConsumer#stopProducing(): responseTimePercentilesOverTime produced 0 samples
2025-11-14 18:59:04,123 INFO o.a.j.r.p.AbstractSampleConsumer: class org.apache.jmeter.report.processor.graph.impl.ResponseTimeOverTimeGraphConsumer#stopProducing(): responseTimesOverTime produced 0 samples
2025-11-14 18:59:04,123 INFO o.a.j.r.p.AbstractSampleConsumer: class org.apache.jmeter.report.processor.graph.impl.ConnectTimeOverTimeGraphConsumer#stopProducing(): connectTimeOverTime produced 0 samples
2025-11-14 18:59:04,123 INFO o.a.j.r.p.AbstractSampleConsumer: class org.apache.jmeter.report.processor.graph.impl.LatencyOverTimeGraphConsumer#stopProducing(): latenciesOverTime produced 0 samples
2025-11-14 18:59:04,123 INFO o.a.j.r.p.AbstractSampleConsumer: class org.apache.jmeter.report.processor.FilterConsumer#stopProducing(): nameFilter produced 3000 samples
2025-11-14 18:59:04,123 INFO o.a.j.r.p.AbstractSampleConsumer: class org.apache.jmeter.report.processor.FilterConsumer#stopProducing(): dateRangeFilter produced 600 samples
2025-11-14 18:59:04,123 INFO o.a.j.r.p.AbstractSampleConsumer: class org.apache.jmeter.report.processor.NormalizerSampleConsumer#stopProducing(): normalizer produced 200 samples
2025-11-14 18:59:04,124 INFO o.a.j.r.p.CsvFileSampleSource: produce(): 200 samples produced in 158ms on channel 0
2025-11-14 18:59:04,124 INFO o.a.j.r.d.ReportGenerator: Exporting data using exporter:'json' of className:'org.apache.jmeter.report.dashboard.JsonExporter'
2025-11-14 18:59:04,230 INFO o.a.j.r.d.JsonExporter: Found data for consumer statisticsSummary in context
2025-11-14 18:59:04,230 INFO o.a.j.r.d.JsonExporter: Creating statistics for overall
2025-11-14 18:59:04,230 INFO o.a.j.r.d.JsonExporter: Creating statistics for other transactions
2025-11-14 18:59:04,231 INFO o.a.j.r.d.JsonExporter: Checking output folder
2025-11-14 18:59:04,231 INFO o.a.j.r.d.JsonExporter: Writing statistics JSON to C:\Users\Administrador\Documents\teste-software-univas\backend\tests\jmeter\reports\tasks\statistics.json
2025-11-14 18:59:04,285 INFO o.a.j.r.d.ReportGenerator: Exporting data using exporter:'html' of className:'org.apache.jmeter.report.dashboard.HtmlTemplateExporter'
2025-11-14 18:59:04,289 INFO o.a.j.r.d.HtmlTemplateExporter: Will generate dashboard in folder: C:\Users\Administrador\Documents\teste-software-univas\backend\tests\jmeter\reports\tasks
2025-11-14 18:59:04,428 INFO o.a.j.r.d.HtmlTemplateExporter: Report will be generated in: C:\Users\Administrador\Documents\teste-software-univas\backend\tests\jmeter\reports\tasks, creating folder structure
2025-11-14 18:59:04,432 INFO o.a.j.r.d.TemplateVisitor: Copying folder from 'C:\Tools\apache-jmeter-5.6.3\bin\report-template' to 'C:\Users\Administrador\Documents\teste-software-univas\backend\tests\jmeter\reports\tasks', got message: C:\Users\Administrador\Documents\teste-software-univas\backend\tests\jmeter\reports\tasks, found non empty folder with following content [C:\Users\Administrador\Documents\teste-software-univas\backend\tests\jmeter\reports\tasks\statistics.json], will be ignored
2025-11-14 18:59:04,865 INFO o.a.j.JMeter: Dashboard generated
